// Jest Snapshot v1, https://goo.gl/fbAQLP

exports[`SavedPosts Component renders correctly (snapshot) 1`] = `
<View
  style={
    {
      "backgroundColor": "#F9F9F9",
      "flex": 1,
      "padding": 16,
    }
  }
>
  <View
    style={
      {
        "marginBottom": 10,
        "marginTop": 10,
      }
    }
  >
    <Text
      style={
        {
          "color": "#8B0000",
          "fontSize": 22,
          "fontWeight": "800",
        }
      }
    >
      Your Folders
    </Text>
  </View>
  <View
    style={
      {
        "height": 240,
        "marginBottom": 10,
      }
    }
  >
    <View
      testID="flat-list-mock"
    >
      <View
        accessibilityState={
          {
            "busy": undefined,
            "checked": undefined,
            "disabled": undefined,
            "expanded": undefined,
            "selected": undefined,
          }
        }
        accessibilityValue={
          {
            "max": undefined,
            "min": undefined,
            "now": undefined,
            "text": undefined,
          }
        }
        accessible={true}
        collapsable={false}
        focusable={true}
        onClick={[Function]}
        onResponderGrant={[Function]}
        onResponderMove={[Function]}
        onResponderRelease={[Function]}
        onResponderTerminate={[Function]}
        onResponderTerminationRequest={[Function]}
        onStartShouldSetResponder={[Function]}
        style={
          {
            "backgroundColor": "#fff",
            "borderRadius": 12,
            "elevation": 3,
            "flex": 0.48,
            "height": 100,
            "justifyContent": "center",
            "marginVertical": 5,
            "opacity": 1,
            "padding": 12,
            "shadowColor": "#000",
            "shadowOffset": {
              "height": 2,
              "width": 0,
            },
            "shadowOpacity": 0.1,
            "shadowRadius": 4,
          }
        }
        testID="folder-folder-1"
      >
        <View
          style={
            {
              "alignItems": "center",
              "flexDirection": "row",
              "justifyContent": "space-between",
            }
          }
        >
          <View
            style={
              {
                "flex": 1,
              }
            }
          >
            <Text
              numberOfLines={1}
              style={
                {
                  "color": "#333",
                  "flexShrink": 1,
                  "fontSize": 15,
                  "fontWeight": "bold",
                }
              }
            >
              Professor Folder
            </Text>
            <Text
              style={
                {
                  "color": "#666",
                  "fontSize": 11,
                  "marginTop": 2,
                }
              }
            >
              Folder
            </Text>
          </View>
          <View
            accessibilityState={
              {
                "busy": undefined,
                "checked": undefined,
                "disabled": undefined,
                "expanded": undefined,
                "selected": undefined,
              }
            }
            accessibilityValue={
              {
                "max": undefined,
                "min": undefined,
                "now": undefined,
                "text": undefined,
              }
            }
            accessible={true}
            collapsable={false}
            focusable={true}
            onClick={[Function]}
            onResponderGrant={[Function]}
            onResponderMove={[Function]}
            onResponderRelease={[Function]}
            onResponderTerminate={[Function]}
            onResponderTerminationRequest={[Function]}
            onStartShouldSetResponder={[Function]}
            style={
              {
                "backgroundColor": "#820d0d",
                "borderRadius": 8,
                "marginLeft": 5,
                "opacity": 1,
                "paddingHorizontal": 10,
                "paddingVertical": 6,
              }
            }
            testID="edit-folder-folder-1"
          >
            <Text
              style={
                {
                  "color": "#fff",
                  "fontSize": 12,
                  "fontWeight": "600",
                }
              }
            >
              Edit
            </Text>
          </View>
        </View>
      </View>
    </View>
  </View>
  <View
    style={
      {
        "marginBottom": 10,
        "marginTop": 10,
      }
    }
  >
    <Text
      style={
        {
          "color": "#8B0000",
          "fontSize": 22,
          "fontWeight": "800",
        }
      }
    >
      Recently Saved
    </Text>
  </View>
  <View
    style={
      {
        "flex": 1,
        "minHeight": 200,
      }
    }
  >
    <View
      testID="flat-list-mock"
    >
      <View />
    </View>
  </View>
</View>
`;
